// Jest Snapshot v1, https://goo.gl/fbAQLP

exports[`TimePicker render() basic 1`] = `
<div>
  <button
    onClick={[Function]}
  >
    <SvgIcon
      file="clock"
    />
  </button>
</div>
`;

exports[`TimePicker render() show TimeSelect 1`] = `
<TimeSelect
  onChange={[Function]}
  onSubmit={[Function]}
  value={2010-11-09T18:00:00.000Z}
/>
`;
