// Jest Snapshot v1, https://goo.gl/fbAQLP

exports[`TimeSelect render() from props 1`] = `
<div
  className={undefined}
>
  <div
    className={undefined}
  >
    <button
      onClick={[Function]}
      onMouseDown={[Function]}
      onMouseUp={[Function]}
      onTouchEnd={[Function]}
      onTouchStart={[Function]}
    >
      <div
        className={undefined}
        dangerouslySetInnerHTML={
          Object {
            "__html": "chevron-up.svg",
          }
        }
        style={
          Object {
            "display": "inline-block",
            "fill": undefined,
            "height": "24px",
            "width": "24px",
          }
        }
      />
    </button>
    <p
      onClick={[Function]}
    >
      0
    </p>
    <button
      onClick={[Function]}
      onMouseDown={[Function]}
      onMouseUp={[Function]}
      onTouchEnd={[Function]}
      onTouchStart={[Function]}
    >
      <div
        className={undefined}
        dangerouslySetInnerHTML={
          Object {
            "__html": "chevron-down.svg",
          }
        }
        style={
          Object {
            "display": "inline-block",
            "fill": undefined,
            "height": "24px",
            "width": "24px",
          }
        }
      />
    </button>
  </div>
  <div
    className={undefined}
  >
    <button
      onClick={[Function]}
      onMouseDown={[Function]}
      onMouseUp={[Function]}
      onTouchEnd={[Function]}
      onTouchStart={[Function]}
    >
      <div
        className={undefined}
        dangerouslySetInnerHTML={
          Object {
            "__html": "chevron-up.svg",
          }
        }
        style={
          Object {
            "display": "inline-block",
            "fill": undefined,
            "height": "24px",
            "width": "24px",
          }
        }
      />
    </button>
    <p
      onClick={[Function]}
    >
      0
    </p>
    <button
      onClick={[Function]}
      onMouseDown={[Function]}
      onMouseUp={[Function]}
      onTouchEnd={[Function]}
      onTouchStart={[Function]}
    >
      <div
        className={undefined}
        dangerouslySetInnerHTML={
          Object {
            "__html": "chevron-down.svg",
          }
        }
        style={
          Object {
            "display": "inline-block",
            "fill": undefined,
            "height": "24px",
            "width": "24px",
          }
        }
      />
    </button>
  </div>
  <div
    className={undefined}
  >
    <button
      onClick={[Function]}
      onMouseDown={[Function]}
      onMouseUp={[Function]}
      onTouchEnd={[Function]}
      onTouchStart={[Function]}
    >
      <div
        className={undefined}
        dangerouslySetInnerHTML={
          Object {
            "__html": "chevron-up.svg",
          }
        }
        style={
          Object {
            "display": "inline-block",
            "fill": undefined,
            "height": "24px",
            "width": "24px",
          }
        }
      />
    </button>
    <p
      onClick={[Function]}
    >
      0
    </p>
    <button
      onClick={[Function]}
      onMouseDown={[Function]}
      onMouseUp={[Function]}
      onTouchEnd={[Function]}
      onTouchStart={[Function]}
    >
      <div
        className={undefined}
        dangerouslySetInnerHTML={
          Object {
            "__html": "chevron-down.svg",
          }
        }
        style={
          Object {
            "display": "inline-block",
            "fill": undefined,
            "height": "24px",
            "width": "24px",
          }
        }
      />
    </button>
  </div>
  <button
    onClick={[Function]}
  >
    <div
      className={undefined}
      dangerouslySetInnerHTML={
        Object {
          "__html": "check.svg",
        }
      }
      style={
        Object {
          "display": "inline-block",
          "fill": undefined,
          "height": "24px",
          "width": "24px",
        }
      }
    />
  </button>
</div>
`;

exports[`TimeSelect render() from state 1`] = `
<div
  className={undefined}
>
  <div
    className={undefined}
  >
    <button
      onClick={[Function]}
      onMouseDown={[Function]}
      onMouseUp={[Function]}
      onTouchEnd={[Function]}
      onTouchStart={[Function]}
    >
      <div
        className={undefined}
        dangerouslySetInnerHTML={
          Object {
            "__html": "chevron-up.svg",
          }
        }
        style={
          Object {
            "display": "inline-block",
            "fill": undefined,
            "height": "24px",
            "width": "24px",
          }
        }
      />
    </button>
    <p
      onClick={[Function]}
    >
      0
    </p>
    <button
      onClick={[Function]}
      onMouseDown={[Function]}
      onMouseUp={[Function]}
      onTouchEnd={[Function]}
      onTouchStart={[Function]}
    >
      <div
        className={undefined}
        dangerouslySetInnerHTML={
          Object {
            "__html": "chevron-down.svg",
          }
        }
        style={
          Object {
            "display": "inline-block",
            "fill": undefined,
            "height": "24px",
            "width": "24px",
          }
        }
      />
    </button>
  </div>
  <div
    className={undefined}
  >
    <button
      onClick={[Function]}
      onMouseDown={[Function]}
      onMouseUp={[Function]}
      onTouchEnd={[Function]}
      onTouchStart={[Function]}
    >
      <div
        className={undefined}
        dangerouslySetInnerHTML={
          Object {
            "__html": "chevron-up.svg",
          }
        }
        style={
          Object {
            "display": "inline-block",
            "fill": undefined,
            "height": "24px",
            "width": "24px",
          }
        }
      />
    </button>
    <p
      onClick={[Function]}
    >
      0
    </p>
    <button
      onClick={[Function]}
      onMouseDown={[Function]}
      onMouseUp={[Function]}
      onTouchEnd={[Function]}
      onTouchStart={[Function]}
    >
      <div
        className={undefined}
        dangerouslySetInnerHTML={
          Object {
            "__html": "chevron-down.svg",
          }
        }
        style={
          Object {
            "display": "inline-block",
            "fill": undefined,
            "height": "24px",
            "width": "24px",
          }
        }
      />
    </button>
  </div>
  <div
    className={undefined}
  >
    <button
      onClick={[Function]}
      onMouseDown={[Function]}
      onMouseUp={[Function]}
      onTouchEnd={[Function]}
      onTouchStart={[Function]}
    >
      <div
        className={undefined}
        dangerouslySetInnerHTML={
          Object {
            "__html": "chevron-up.svg",
          }
        }
        style={
          Object {
            "display": "inline-block",
            "fill": undefined,
            "height": "24px",
            "width": "24px",
          }
        }
      />
    </button>
    <p
      onClick={[Function]}
    >
      0
    </p>
    <button
      onClick={[Function]}
      onMouseDown={[Function]}
      onMouseUp={[Function]}
      onTouchEnd={[Function]}
      onTouchStart={[Function]}
    >
      <div
        className={undefined}
        dangerouslySetInnerHTML={
          Object {
            "__html": "chevron-down.svg",
          }
        }
        style={
          Object {
            "display": "inline-block",
            "fill": undefined,
            "height": "24px",
            "width": "24px",
          }
        }
      />
    </button>
  </div>
  <button
    onClick={[Function]}
  >
    <div
      className={undefined}
      dangerouslySetInnerHTML={
        Object {
          "__html": "check.svg",
        }
      }
      style={
        Object {
          "display": "inline-block",
          "fill": undefined,
          "height": "24px",
          "width": "24px",
        }
      }
    />
  </button>
</div>
`;
