// Jest Snapshot v1, https://goo.gl/fbAQLP

exports[`InputUpDown render() basic 1`] = `
<div>
  <button
    onClick={[Function]}
    onMouseDown={[Function]}
    onMouseUp={[Function]}
    onTouchEnd={[Function]}
    onTouchStart={[Function]}
  >
    <SvgIcon
      file="chevron-up"
    />
  </button>
  <p
    onClick={[Function]}
  >
    59
  </p>
  <button
    onClick={[Function]}
    onMouseDown={[Function]}
    onMouseUp={[Function]}
    onTouchEnd={[Function]}
    onTouchStart={[Function]}
  >
    <SvgIcon
      file="chevron-down"
    />
  </button>
</div>
`;
